#-----------------------------------------------------------
# Vivado v2018.1 (64-bit)
# SW Build 2188600 on Wed Apr  4 18:40:38 MDT 2018
# IP Build 2185939 on Wed Apr  4 20:55:05 MDT 2018
# Start of session at: Mon Aug  6 16:28:18 2018
# Process ID: 5228
# Current directory: C:/Users/lvyuf/VivadoProjects/nscscc_2018/soc_sram_func/run_vivado/mycpu_prj1
# Command line: vivado.exe -gui_launcher_event rodinguilauncherevent5900 C:\Users\lvyuf\VivadoProjects\nscscc_2018\soc_sram_func\run_vivado\mycpu_prj1\mycpu.xpr
# Log file: C:/Users/lvyuf/VivadoProjects/nscscc_2018/soc_sram_func/run_vivado/mycpu_prj1/vivado.log
# Journal file: C:/Users/lvyuf/VivadoProjects/nscscc_2018/soc_sram_func/run_vivado/mycpu_prj1\vivado.jou
#-----------------------------------------------------------
start_gui
open_project C:/Users/lvyuf/VivadoProjects/nscscc_2018/soc_sram_func/run_vivado/mycpu_prj1/mycpu.xpr
update_compile_order -fileset sources_1
set_property -dict [list CONFIG.Coe_File {C:/Users/lvyuf/VivadoProjects/nscscc_2018/soc_sram_func/coe/1.0.Ori_Inst_Test/inst_rom.coe}] [get_ips inst_ram]
generate_target all [get_files  C:/Users/lvyuf/VivadoProjects/nscscc_2018/soc_sram_func/rtl/xilinx_ip/inst_ram/inst_ram.xci]
export_ip_user_files -of_objects [get_files C:/Users/lvyuf/VivadoProjects/nscscc_2018/soc_sram_func/rtl/xilinx_ip/inst_ram/inst_ram.xci] -no_script -sync -force -quiet
reset_run inst_ram_synth_1
launch_runs -jobs 4 inst_ram_synth_1
launch_simulation
open_wave_config C:/Users/lvyuf/VivadoProjects/nscscc_2018/soc_sram_func/run_vivado/mycpu_prj1/tb_top_behav.wcfg
source tb_top.tcl
run 1 us
run 1 us
run 1 us
relaunch_sim
run 1 us
run 1 us
run 1 us
reset_run inst_ram_synth_1
set_property -dict [list CONFIG.Coe_File {C:/Users/lvyuf/VivadoProjects/nscscc_2018/soc_sram_func/coe/1.1.Ori_forward_Test/inst_rom.coe}] [get_ips inst_ram]
generate_target all [get_files  C:/Users/lvyuf/VivadoProjects/nscscc_2018/soc_sram_func/rtl/xilinx_ip/inst_ram/inst_ram.xci]
export_ip_user_files -of_objects [get_files C:/Users/lvyuf/VivadoProjects/nscscc_2018/soc_sram_func/rtl/xilinx_ip/inst_ram/inst_ram.xci] -no_script -sync -force -quiet
launch_runs -jobs 4 inst_ram_synth_1
relaunch_sim
run 1 us
run 1 us
run 1 us
reset_run inst_ram_synth_1
set_property -dict [list CONFIG.Coe_File {C:/Users/lvyuf/VivadoProjects/nscscc_2018/soc_sram_func/coe/2.Logic_Inst_Test/inst_rom.coe}] [get_ips inst_ram]
generate_target all [get_files  C:/Users/lvyuf/VivadoProjects/nscscc_2018/soc_sram_func/rtl/xilinx_ip/inst_ram/inst_ram.xci]
export_ip_user_files -of_objects [get_files C:/Users/lvyuf/VivadoProjects/nscscc_2018/soc_sram_func/rtl/xilinx_ip/inst_ram/inst_ram.xci] -no_script -sync -force -quiet
launch_runs -jobs 4 inst_ram_synth_1
relaunch_sim
run 1 us
run 1 us
run 1 us
reset_run inst_ram_synth_1
set_property -dict [list CONFIG.Coe_File {C:/Users/lvyuf/VivadoProjects/nscscc_2018/soc_sram_func/coe/3.Shift_Inst_Test/inst_rom.coe}] [get_ips inst_ram]
generate_target all [get_files  C:/Users/lvyuf/VivadoProjects/nscscc_2018/soc_sram_func/rtl/xilinx_ip/inst_ram/inst_ram.xci]
export_ip_user_files -of_objects [get_files C:/Users/lvyuf/VivadoProjects/nscscc_2018/soc_sram_func/rtl/xilinx_ip/inst_ram/inst_ram.xci] -no_script -sync -force -quiet
launch_runs -jobs 4 inst_ram_synth_1
relaunch_sim
run 1 us
run 1 us
run 1 us
reset_run inst_ram_synth_1
set_property -dict [list CONFIG.Coe_File {C:/Users/lvyuf/VivadoProjects/nscscc_2018/soc_sram_func/coe/4.Move_Inst_Test/inst_rom.coe}] [get_ips inst_ram]
generate_target all [get_files  C:/Users/lvyuf/VivadoProjects/nscscc_2018/soc_sram_func/rtl/xilinx_ip/inst_ram/inst_ram.xci]
export_ip_user_files -of_objects [get_files C:/Users/lvyuf/VivadoProjects/nscscc_2018/soc_sram_func/rtl/xilinx_ip/inst_ram/inst_ram.xci] -no_script -sync -force -quiet
launch_runs -jobs 4 inst_ram_synth_1
relaunch_sim
run 1 us
run 1 us
run 1 us
save_wave_config {C:/Users/lvyuf/VivadoProjects/nscscc_2018/soc_sram_func/run_vivado/mycpu_prj1/tb_top_behav.wcfg}
reset_run inst_ram_synth_1
set_property -dict [list CONFIG.Coe_File {C:/Users/lvyuf/VivadoProjects/nscscc_2018/soc_sram_func/coe/5.Simple_Arithmatic_Inst_Test/inst_rom.coe}] [get_ips inst_ram]
generate_target all [get_files  C:/Users/lvyuf/VivadoProjects/nscscc_2018/soc_sram_func/rtl/xilinx_ip/inst_ram/inst_ram.xci]
export_ip_user_files -of_objects [get_files C:/Users/lvyuf/VivadoProjects/nscscc_2018/soc_sram_func/rtl/xilinx_ip/inst_ram/inst_ram.xci] -no_script -sync -force -quiet
launch_runs -jobs 4 inst_ram_synth_1
relaunch_sim
run 1 us
run 1 us
run 1 us
reset_run inst_ram_synth_1
set_property -dict [list CONFIG.Coe_File {C:/Users/lvyuf/VivadoProjects/nscscc_2018/soc_sram_func/coe/6.Div_Inst_Test/inst_rom.coe}] [get_ips inst_ram]
generate_target all [get_files  C:/Users/lvyuf/VivadoProjects/nscscc_2018/soc_sram_func/rtl/xilinx_ip/inst_ram/inst_ram.xci]
export_ip_user_files -of_objects [get_files C:/Users/lvyuf/VivadoProjects/nscscc_2018/soc_sram_func/rtl/xilinx_ip/inst_ram/inst_ram.xci] -no_script -sync -force -quiet
launch_runs -jobs 4 inst_ram_synth_1
relaunch_sim
run 1 us
run 1 us
run 1 us
run 1 us
run 1 us
reset_run inst_ram_synth_1
set_property -dict [list CONFIG.Coe_File {C:/Users/lvyuf/VivadoProjects/nscscc_2018/soc_sram_func/coe/7.J_Inst_Test/inst_rom.coe}] [get_ips inst_ram]
generate_target all [get_files  C:/Users/lvyuf/VivadoProjects/nscscc_2018/soc_sram_func/rtl/xilinx_ip/inst_ram/inst_ram.xci]
export_ip_user_files -of_objects [get_files C:/Users/lvyuf/VivadoProjects/nscscc_2018/soc_sram_func/rtl/xilinx_ip/inst_ram/inst_ram.xci] -no_script -sync -force -quiet
launch_runs -jobs 4 inst_ram_synth_1
relaunch_sim
run 1 us
run 1 us
run 1 us
run 1 us
relaunch_sim
run 1 us
run 1 us
run 1 us
run 1 us
save_wave_config {C:/Users/lvyuf/VivadoProjects/nscscc_2018/soc_sram_func/run_vivado/mycpu_prj1/tb_top_behav.wcfg}
save_wave_config {C:/Users/lvyuf/VivadoProjects/nscscc_2018/soc_sram_func/run_vivado/mycpu_prj1/tb_top_behav.wcfg}
set_property -dict [list CONFIG.Coe_File {C:/Users/lvyuf/VivadoProjects/nscscc_2018/soc_sram_func/coe/8.B_Inst_Test/inst_rom.coe}] [get_ips inst_ram]
generate_target all [get_files  C:/Users/lvyuf/VivadoProjects/nscscc_2018/soc_sram_func/rtl/xilinx_ip/inst_ram/inst_ram.xci]
export_ip_user_files -of_objects [get_files C:/Users/lvyuf/VivadoProjects/nscscc_2018/soc_sram_func/rtl/xilinx_ip/inst_ram/inst_ram.xci] -no_script -sync -force -quiet
reset_run inst_ram_synth_1
launch_runs -jobs 4 inst_ram_synth_1
relaunch_sim
run 1 us
run 1 us
run 1 us
run 1 us
run 1 us
reset_run inst_ram_synth_1
set_property -dict [list CONFIG.Coe_File {C:/Users/lvyuf/VivadoProjects/nscscc_2018/soc_sram_func/coe/9.Memory_Inst_Test/inst_rom.coe}] [get_ips inst_ram]
generate_target all [get_files  C:/Users/lvyuf/VivadoProjects/nscscc_2018/soc_sram_func/rtl/xilinx_ip/inst_ram/inst_ram.xci]
export_ip_user_files -of_objects [get_files C:/Users/lvyuf/VivadoProjects/nscscc_2018/soc_sram_func/rtl/xilinx_ip/inst_ram/inst_ram.xci] -no_script -sync -force -quiet
launch_runs -jobs 4 inst_ram_synth_1
relaunch_sim
run 1 us
run 1 us
run 1 us
reset_run inst_ram_synth_1
set_property -dict [list CONFIG.Coe_File {C:/Users/lvyuf/VivadoProjects/nscscc_2018/soc_sram_func/coe/10.M_Inst_Hazard_Test/inst_rom.coe}] [get_ips inst_ram]
generate_target all [get_files  C:/Users/lvyuf/VivadoProjects/nscscc_2018/soc_sram_func/rtl/xilinx_ip/inst_ram/inst_ram.xci]
export_ip_user_files -of_objects [get_files C:/Users/lvyuf/VivadoProjects/nscscc_2018/soc_sram_func/rtl/xilinx_ip/inst_ram/inst_ram.xci] -no_script -sync -force -quiet
launch_runs -jobs 4 inst_ram_synth_1
relaunch_sim
run 1 us
run 1 us
run 1 us
save_wave_config {C:/Users/lvyuf/VivadoProjects/nscscc_2018/soc_sram_func/run_vivado/mycpu_prj1/tb_top_behav.wcfg}
reset_run inst_ram_synth_1
set_property -dict [list CONFIG.Coe_File {C:/Users/lvyuf/VivadoProjects/nscscc_2018/soc_sram_func/coe/11.CP0_Inst_Test/inst_rom.coe}] [get_ips inst_ram]
generate_target all [get_files  C:/Users/lvyuf/VivadoProjects/nscscc_2018/soc_sram_func/rtl/xilinx_ip/inst_ram/inst_ram.xci]
export_ip_user_files -of_objects [get_files C:/Users/lvyuf/VivadoProjects/nscscc_2018/soc_sram_func/rtl/xilinx_ip/inst_ram/inst_ram.xci] -no_script -sync -force -quiet
launch_runs -jobs 4 inst_ram_synth_1
relaunch_sim
run 1 us
run 1 us
run 1 us
reset_run inst_ram_synth_1
set_property -dict [list CONFIG.Coe_File {C:/Users/lvyuf/VivadoProjects/nscscc_2018/soft/func/obj/inst_ram.coe}] [get_ips inst_ram]
generate_target all [get_files  C:/Users/lvyuf/VivadoProjects/nscscc_2018/soc_sram_func/rtl/xilinx_ip/inst_ram/inst_ram.xci]
export_ip_user_files -of_objects [get_files C:/Users/lvyuf/VivadoProjects/nscscc_2018/soc_sram_func/rtl/xilinx_ip/inst_ram/inst_ram.xci] -no_script -sync -force -quiet
launch_runs -jobs 4 inst_ram_synth_1
relaunch_sim
run all
save_wave_config {C:/Users/lvyuf/VivadoProjects/nscscc_2018/soc_sram_func/run_vivado/mycpu_prj1/tb_top_behav.wcfg}
relaunch_sim
run all
relaunch_sim
run 1 us
run all
relaunch_sim
run all
relaunch_sim
run all
relaunch_sim
run all
run all
relaunch_sim
run 1 us
run all
relaunch_sim
run all
relaunch_sim
