#-----------------------------------------------------------
# Vivado v2018.1 (64-bit)
# SW Build 2188600 on Wed Apr  4 18:40:38 MDT 2018
# IP Build 2185939 on Wed Apr  4 20:55:05 MDT 2018
# Start of session at: Sun Aug  5 14:54:55 2018
# Process ID: 1544
# Current directory: C:/Users/lvyuf/VivadoProjects/nscscc_2018/soc_sram_func/run_vivado/mycpu_prj1
# Command line: vivado.exe -gui_launcher_event rodinguilauncherevent26968 C:\Users\lvyuf\VivadoProjects\nscscc_2018\soc_sram_func\run_vivado\mycpu_prj1\mycpu.xpr
# Log file: C:/Users/lvyuf/VivadoProjects/nscscc_2018/soc_sram_func/run_vivado/mycpu_prj1/vivado.log
# Journal file: C:/Users/lvyuf/VivadoProjects/nscscc_2018/soc_sram_func/run_vivado/mycpu_prj1\vivado.jou
#-----------------------------------------------------------
start_gui
open_project C:/Users/lvyuf/VivadoProjects/nscscc_2018/soc_sram_func/run_vivado/mycpu_prj1/mycpu.xpr
update_compile_order -fileset sources_1
generate_target Simulation [get_files C:/Users/lvyuf/VivadoProjects/nscscc_2018/soc_sram_func/rtl/xilinx_ip/inst_ram/inst_ram.xci]
export_ip_user_files -of_objects [get_files C:/Users/lvyuf/VivadoProjects/nscscc_2018/soc_sram_func/rtl/xilinx_ip/inst_ram/inst_ram.xci] -no_script -sync -force -quiet
export_simulation -of_objects [get_files C:/Users/lvyuf/VivadoProjects/nscscc_2018/soc_sram_func/rtl/xilinx_ip/inst_ram/inst_ram.xci] -directory C:/Users/lvyuf/lab2/mycpu_verify/run_vivado/mycpu/mycpu.ip_user_files/sim_scripts -ip_user_files_dir C:/Users/lvyuf/lab2/mycpu_verify/run_vivado/mycpu/mycpu.ip_user_files -ipstatic_source_dir C:/Users/lvyuf/lab2/mycpu_verify/run_vivado/mycpu/mycpu.ip_user_files/ipstatic -lib_map_path [list {modelsim=C:/Users/lvyuf/vivado/Modeltech_pe_edu_10.4a/xilinx_lib} {questa=C:/Users/lvyuf/VivadoProjects/nscscc_2018/soc_sram_func/run_vivado/mycpu_prj1/mycpu.cache/compile_simlib/questa} {riviera=C:/Users/lvyuf/VivadoProjects/nscscc_2018/soc_sram_func/run_vivado/mycpu_prj1/mycpu.cache/compile_simlib/riviera} {activehdl=C:/Users/lvyuf/VivadoProjects/nscscc_2018/soc_sram_func/run_vivado/mycpu_prj1/mycpu.cache/compile_simlib/activehdl}] -use_ip_compiled_libs -force -quiet
launch_simulation
open_wave_config C:/Users/lvyuf/VivadoProjects/nscscc_2018/soc_sram_func/run_vivado/mycpu_prj1/tb_top_behav.wcfg
source tb_top.tcl
run 1 us
run 1 us
run 1 us
run 1 us
run 1 us
run all
set_property -dict [list CONFIG.Coe_File {C:/Users/lvyuf/VivadoProjects/nscscc_2018/soc_sram_func/coe/11.CP0_Inst_Test/inst_rom.coe}] [get_ips inst_ram]
generate_target all [get_files  C:/Users/lvyuf/VivadoProjects/nscscc_2018/soc_sram_func/rtl/xilinx_ip/inst_ram/inst_ram.xci]
export_ip_user_files -of_objects [get_files C:/Users/lvyuf/VivadoProjects/nscscc_2018/soc_sram_func/rtl/xilinx_ip/inst_ram/inst_ram.xci] -no_script -sync -force -quiet
reset_run inst_ram_synth_1
launch_runs -jobs 4 inst_ram_synth_1
add_files -norecurse C:/Users/lvyuf/VivadoProjects/nscscc_2018/soc_sram_func/rtl/myCPU/cp0_reg.v
update_compile_order -fileset sources_1
update_compile_order -fileset sources_1
relaunch_sim
relaunch_sim
relaunch_sim
relaunch_sim
relaunch_sim
run 1 us
run 1 us
run 1 us
relaunch_sim
run 1 us
run 1 us
run 1 us
run 1 us
run 1 us
run 1 us
run 1 us
run 1 us
run 1 us
run 1 us
run 1 us
update_compile_order -fileset sources_1
update_compile_order -fileset sources_1
update_compile_order -fileset sources_1
update_compile_order -fileset sources_1
update_compile_order -fileset sources_1
update_compile_order -fileset sources_1
relaunch_sim
run 1 us
run 1 us
run 1 us
save_wave_config {C:/Users/lvyuf/VivadoProjects/nscscc_2018/soc_sram_func/run_vivado/mycpu_prj1/tb_top_behav.wcfg}
relaunch_sim
run 1 us
run 1 us
run 1 us
run 1 us
save_wave_config {C:/Users/lvyuf/VivadoProjects/nscscc_2018/soc_sram_func/run_vivado/mycpu_prj1/tb_top_behav.wcfg}
set_property -dict [list CONFIG.Coe_File {C:/Users/lvyuf/VivadoProjects/nscscc_2018/soc_sram_func/coe/12.Exception_Inst_Test/inst_rom.coe}] [get_ips inst_ram]
generate_target all [get_files  C:/Users/lvyuf/VivadoProjects/nscscc_2018/soc_sram_func/rtl/xilinx_ip/inst_ram/inst_ram.xci]
export_ip_user_files -of_objects [get_files C:/Users/lvyuf/VivadoProjects/nscscc_2018/soc_sram_func/rtl/xilinx_ip/inst_ram/inst_ram.xci] -no_script -sync -force -quiet
reset_run inst_ram_synth_1
launch_runs -jobs 4 inst_ram_synth_1
export_ip_user_files -of_objects  [get_files c:/Users/lvyuf/VivadoProjects/nscscc_2018/soc_sram_func/coe/11.CP0_Inst_Test/inst_rom.coe] -no_script -reset -force -quiet
remove_files  c:/Users/lvyuf/VivadoProjects/nscscc_2018/soc_sram_func/coe/11.CP0_Inst_Test/inst_rom.coe
update_compile_order -fileset sources_1
update_compile_order -fileset sources_1
update_compile_order -fileset sources_1
update_compile_order -fileset sources_1
update_compile_order -fileset sources_1
update_compile_order -fileset sources_1
update_compile_order -fileset sources_1
update_compile_order -fileset sources_1
update_compile_order -fileset sources_1
update_compile_order -fileset sources_1
relaunch_sim
relaunch_sim
relaunch_sim
update_compile_order -fileset sources_1
update_compile_order -fileset sources_1
relaunch_sim
run 1 us
run 1 us
run 1 us
relaunch_sim
run 1 us
run 1 us
run 1 us
relaunch_sim
run 1 us
run 1 us
run 1 us
relaunch_sim
run 1 us
run 1 us
run 1 us
relaunch_sim
run 1 us
run 1 us
run 1 us
relaunch_sim
relaunch_sim
run 1 us
run 1 us
run 1 us
relaunch_sim
run 1 us
run 1 us
run 1 us
relaunch_sim
run 1 us
run 1 us
run 1 us
relaunch_sim
relaunch_sim
run 1 us
run 1 us
run 1 us
relaunch_sim
run 1 us
run 1 us
run 1 us
relaunch_sim
run 1 us
run 1 us
run 1 us
relaunch_sim
run 1 us
run 1 us
run 1 us
relaunch_sim
run 1 us
run 1 us
run 1 us
relaunch_sim
relaunch_sim
relaunch_sim
run 1 us
run 1 us
run 1 us
relaunch_sim
run 1 us
run 1 us
run 1 us
relaunch_sim
run 1 us
run 1 us
run 1 us
relaunch_sim
relaunch_sim
run 1 us
run 1 us
run 1 us
relaunch_sim
run 1 us
run 1 us
run 1 us
set_property -dict [list CONFIG.Coe_File {C:/Users/lvyuf/VivadoProjects/nscscc_2018/soft/func/obj/inst_ram.coe}] [get_ips inst_ram]
generate_target all [get_files  C:/Users/lvyuf/VivadoProjects/nscscc_2018/soc_sram_func/rtl/xilinx_ip/inst_ram/inst_ram.xci]
export_ip_user_files -of_objects [get_files C:/Users/lvyuf/VivadoProjects/nscscc_2018/soc_sram_func/rtl/xilinx_ip/inst_ram/inst_ram.xci] -no_script -sync -force -quiet
reset_run inst_ram_synth_1
launch_runs -jobs 4 inst_ram_synth_1
relaunch_sim
run all
relaunch_sim
save_wave_config {C:/Users/lvyuf/VivadoProjects/nscscc_2018/soc_sram_func/run_vivado/mycpu_prj1/tb_top_behav.wcfg}
run all
save_wave_config {C:/Users/lvyuf/VivadoProjects/nscscc_2018/soc_sram_func/run_vivado/mycpu_prj1/tb_top_behav.wcfg}
relaunch_sim
run all
relaunch_sim
save_wave_config {C:/Users/lvyuf/VivadoProjects/nscscc_2018/soc_sram_func/run_vivado/mycpu_prj1/tb_top_behav.wcfg}
run all
close_sim
