#-----------------------------------------------------------
# Vivado v2018.1 (64-bit)
# SW Build 2188600 on Wed Apr  4 18:40:38 MDT 2018
# IP Build 2185939 on Wed Apr  4 20:55:05 MDT 2018
# Start of session at: Sat Aug  4 19:49:18 2018
# Process ID: 21632
# Current directory: C:/Users/lvyuf/VivadoProjects/nscscc_2018/soc_sram_func/run_vivado/mycpu_prj1
# Command line: vivado.exe -gui_launcher_event rodinguilauncherevent7676 C:\Users\lvyuf\VivadoProjects\nscscc_2018\soc_sram_func\run_vivado\mycpu_prj1\mycpu.xpr
# Log file: C:/Users/lvyuf/VivadoProjects/nscscc_2018/soc_sram_func/run_vivado/mycpu_prj1/vivado.log
# Journal file: C:/Users/lvyuf/VivadoProjects/nscscc_2018/soc_sram_func/run_vivado/mycpu_prj1\vivado.jou
#-----------------------------------------------------------
start_gui
open_project C:/Users/lvyuf/VivadoProjects/nscscc_2018/soc_sram_func/run_vivado/mycpu_prj1/mycpu.xpr
update_compile_order -fileset sources_1
launch_simulation
launch_simulation
open_wave_config C:/Users/lvyuf/VivadoProjects/nscscc_2018/soc_sram_func/run_vivado/mycpu_prj1/tb_top_behav.wcfg
source tb_top.tcl
run 1 us
run 1 us
run 1 us
run 1 us
relaunch_sim
run 1 us
run 1 us
run 1 us
run 1 us
export_ip_user_files -of_objects  [get_files C:/Users/lvyuf/VivadoProjects/nscscc_2018/soc_sram_func/coe/8.B_Inst_Test/inst_rom.coe] -no_script -reset -force -quiet
remove_files  C:/Users/lvyuf/VivadoProjects/nscscc_2018/soc_sram_func/coe/8.B_Inst_Test/inst_rom.coe
save_wave_config {C:/Users/lvyuf/VivadoProjects/nscscc_2018/soc_sram_func/run_vivado/mycpu_prj1/tb_top_behav.wcfg}
close_sim
