#-----------------------------------------------------------
# Vivado v2018.1 (64-bit)
# SW Build 2188600 on Wed Apr  4 18:40:38 MDT 2018
# IP Build 2185939 on Wed Apr  4 20:55:05 MDT 2018
# Start of session at: Wed Aug  1 17:45:19 2018
# Process ID: 28444
# Current directory: C:/Users/lvyuf/VivadoProjects/nscscc_2018/soc_sram_func/run_vivado/mycpu_prj1
# Command line: vivado.exe -gui_launcher_event rodinguilauncherevent23784 C:\Users\lvyuf\VivadoProjects\nscscc_2018\soc_sram_func\run_vivado\mycpu_prj1\mycpu.xpr
# Log file: C:/Users/lvyuf/VivadoProjects/nscscc_2018/soc_sram_func/run_vivado/mycpu_prj1/vivado.log
# Journal file: C:/Users/lvyuf/VivadoProjects/nscscc_2018/soc_sram_func/run_vivado/mycpu_prj1\vivado.jou
#-----------------------------------------------------------
start_gui
open_project C:/Users/lvyuf/VivadoProjects/nscscc_2018/soc_sram_func/run_vivado/mycpu_prj1/mycpu.xpr
update_compile_order -fileset sources_1
launch_simulation
open_wave_config C:/Users/lvyuf/VivadoProjects/nscscc_2018/soc_sram_func/run_vivado/mycpu_prj1/tb_top_behav.wcfg
source tb_top.tcl
run all
relaunch_sim
relaunch_sim
run all
relaunch_sim
run all
relaunch_sim
run all
relaunch_sim
run all
update_compile_order -fileset sources_1
relaunch_sim
relaunch_sim
run all
relaunch_sim
run all
relaunch_sim
run all
relaunch_sim
relaunch_sim
relaunch_sim
run all
relaunch_sim
run all
save_wave_config {C:/Users/lvyuf/VivadoProjects/nscscc_2018/soc_sram_func/run_vivado/mycpu_prj1/tb_top_behav.wcfg}
relaunch_sim
relaunch_sim
run all
relaunch_sim
run all
relaunch_sim
run all
relaunch_sim
run all
relaunch_sim
run all
relaunch_sim
run all
relaunch_sim
run all
close_sim
launch_simulation
open_wave_config C:/Users/lvyuf/VivadoProjects/nscscc_2018/soc_sram_func/run_vivado/mycpu_prj1/tb_top_behav.wcfg
source tb_top.tcl
run all
run all
run all
close_sim
