#-----------------------------------------------------------
# Vivado v2018.1 (64-bit)
# SW Build 2188600 on Wed Apr  4 18:40:38 MDT 2018
# IP Build 2185939 on Wed Apr  4 20:55:05 MDT 2018
# Start of session at: Sat Jul 28 19:24:12 2018
# Process ID: 7716
# Current directory: C:/Users/lvyuf/VivadoProjects/nscscc_2018/lab_4
# Command line: vivado.exe -gui_launcher_event rodinguilauncherevent13800 C:\Users\lvyuf\VivadoProjects\nscscc_2018\lab_4\lab_4.xpr
# Log file: C:/Users/lvyuf/VivadoProjects/nscscc_2018/lab_4/vivado.log
# Journal file: C:/Users/lvyuf/VivadoProjects/nscscc_2018/lab_4\vivado.jou
#-----------------------------------------------------------
start_gui
open_project C:/Users/lvyuf/VivadoProjects/nscscc_2018/lab_4/lab_4.xpr
update_compile_order -fileset sources_1
upgrade_ip -srcset inst_mem -vlnv xilinx.com:ip:blk_mem_gen:8.4 [get_ips  inst_mem] -log ip_upgrade.log
export_ip_user_files -of_objects [get_ips inst_mem] -no_script -sync -force -quiet
update_compile_order -fileset sources_1
close [ open C:/Users/lvyuf/VivadoProjects/nscscc_2018/rtl/axi_interface.v w ]
add_files C:/Users/lvyuf/VivadoProjects/nscscc_2018/rtl/axi_interface.v
update_compile_order -fileset sources_1
